[30/Aug/2026 12:41:00] "GET /api/categorias/ HTTP/1.1" 200 2
[30/Aug/2026 12:41:00] "OPTIONS /api/registro/ HTTP/1.1" 200 0
[30/Aug/2026 12:41:17] "OPTIONS /api/registro/ HTTP/1.1" 200 0
Forbidden: /api/yo/
[30/Aug/2026 12:41:30] "GET /api/yo/ HTTP/1.1" 403 65
Forbidden: /api/yo/
[30/Aug/2026 12:41:30] "GET /api/yo/ HTTP/1.1" 403 65
[30/Aug/2026 12:41:30] "GET /api/etiquetas/ HTTP/1.1" 200 2
[30/Aug/2026 12:41:30] "GET /api/categorias/ HTTP/1.1" 200 2
[30/Aug/2026 12:41:30] "GET /api/etiquetas/ HTTP/1.1" 200 2
[30/Aug/2026 12:41:30] "GET /api/categorias/ HTTP/1.1" 200 2
[30/Aug/2026 12:41:31] "GET /api/items/? HTTP/1.1" 200 2
[30/Aug/2026 12:41:38] "OPTIONS /api/items/?lat=41.21&lng=0.62&radio_km=25 HTTP/1.1" 200 0
[30/Aug/2026 12:41:38] "GET /api/items/?lat=41.21&lng=0.62&radio_km=25 HTTP/1.1" 200 2
[30/Aug/2026 12:41:39] "OPTIONS /api/items/?lat=42.36&lng=2.25&radio_km=25 HTTP/1.1" 200 0
[30/Aug/2026 12:41:39] "GET /api/items/?lat=42.36&lng=2.25&radio_km=25 HTTP/1.1" 200 2
[30/Aug/2026 12:41:41] "OPTIONS /api/items/?lat=42.36&lng=2.25&radio_km=59 HTTP/1.1" 200 0
[30/Aug/2026 12:41:41] "GET /api/items/?lat=42.36&lng=2.25&radio_km=59 HTTP/1.1" 200 2
[30/Aug/2026 12:41:44] "OPTIONS /api/items/?lat=42.36&lng=2.25&radio_km=63 HTTP/1.1" 200 0
[30/Aug/2026 12:41:44] "GET /api/items/?lat=42.36&lng=2.25&radio_km=63 HTTP/1.1" 200 2
[30/Aug/2026 12:41:45] "OPTIONS /api/items/?lat=42.36&lng=2.25&radio_km=70 HTTP/1.1" 200 0
[30/Aug/2026 12:41:45] "GET /api/items/?lat=42.36&lng=2.25&radio_km=70 HTTP/1.1" 200 2
[30/Aug/2026 12:41:46] "GET /api/items/?lat=42.36&lng=2.25&radio_km=59 HTTP/1.1" 200 2
[30/Aug/2026 12:42:46] "OPTIONS /api/registro/ HTTP/1.1" 200 0
[30/Aug/2026 12:42:47] "POST /api/registro/ HTTP/1.1" 201 99
[30/Aug/2026 12:42:47] "OPTIONS /api/login/ HTTP/1.1" 200 0
[30/Aug/2026 12:42:48] "POST /api/login/ HTTP/1.1" 200 80
[30/Aug/2026 12:42:48] "GET /api/etiquetas/ HTTP/1.1" 200 2
[30/Aug/2026 12:42:48] "GET /api/categorias/ HTTP/1.1" 200 2
[30/Aug/2026 12:42:48] "GET /api/etiquetas/ HTTP/1.1" 200 2
[30/Aug/2026 12:42:48] "GET /api/categorias/ HTTP/1.1" 200 2
[30/Aug/2026 12:42:48] "GET /api/items/? HTTP/1.1" 200 2
[30/Aug/2026 12:42:50] "OPTIONS /api/usuarios/1/ HTTP/1.1" 200 0
[30/Aug/2026 12:42:50] "OPTIONS /api/usuarios/1/ HTTP/1.1" 200 0
[30/Aug/2026 12:42:50] "OPTIONS /api/usuarios/1/resenas/ HTTP/1.1" 200 0
[30/Aug/2026 12:42:50] "OPTIONS /api/usuarios/1/resenas/ HTTP/1.1" 200 0
[30/Aug/2026 12:42:50] "GET /api/usuarios/1/ HTTP/1.1" 200 80
[30/Aug/2026 12:42:50] "GET /api/usuarios/1/resenas/ HTTP/1.1" 200 2
[30/Aug/2026 12:42:50] "GET /api/usuarios/1/ HTTP/1.1" 200 80
[30/Aug/2026 12:42:50] "GET /api/usuarios/1/resenas/ HTTP/1.1" 200 2
[30/Aug/2026 12:42:58] "GET /api/etiquetas/ HTTP/1.1" 200 2
[30/Aug/2026 12:42:58] "GET /api/categorias/ HTTP/1.1" 200 2
[30/Aug/2026 12:42:58] "GET /api/etiquetas/ HTTP/1.1" 200 2
[30/Aug/2026 12:42:58] "GET /api/categorias/ HTTP/1.1" 200 2
[30/Aug/2026 12:46:43] "GET /admin/ HTTP/1.1" 302 0
[30/Aug/2026 12:46:43] "GET /admin/login/?next=/admin/ HTTP/1.1" 200 4223
[30/Aug/2026 12:46:44] "GET /static/admin/css/nav_sidebar.css HTTP/1.1" 200 2810
[30/Aug/2026 12:46:44] "GET /static/admin/css/login.css HTTP/1.1" 200 951
[30/Aug/2026 12:46:44] "GET /static/admin/js/theme.js HTTP/1.1" 200 1653
[30/Aug/2026 12:46:44] "GET /static/admin/css/dark_mode.css HTTP/1.1" 200 2804
[30/Aug/2026 12:46:44] "GET /static/admin/css/base.css HTTP/1.1" 200 22092
[30/Aug/2026 12:46:44] "GET /static/admin/css/responsive.css HTTP/1.1" 200 17972
[30/Aug/2026 12:46:44] "GET /static/admin/js/nav_sidebar.js HTTP/1.1" 200 3063
Not Found: /favicon.ico
[30/Aug/2026 12:46:44] "GET /favicon.ico HTTP/1.1" 404 2796
[30/Aug/2026 12:50:15] "GET /api/categorias/ HTTP/1.1" 200 2
[30/Aug/2026 12:51:52] "GET /api/categorias/ HTTP/1.1" 200 74
[30/Aug/2026 12:52:01] "GET /api/yo/ HTTP/1.1" 200 80
[30/Aug/2026 12:52:02] "GET /api/yo/ HTTP/1.1" 200 80
[30/Aug/2026 12:52:02] "GET /api/etiquetas/ HTTP/1.1" 200 2
[30/Aug/2026 12:52:02] "GET /api/categorias/ HTTP/1.1" 200 74
[30/Aug/2026 12:52:02] "GET /api/categorias/ HTTP/1.1" 200 74
[30/Aug/2026 12:52:02] "GET /api/etiquetas/ HTTP/1.1" 200 2
[30/Aug/2026 12:52:16] "OPTIONS /api/items/ HTTP/1.1" 200 0
[30/Aug/2026 12:52:16] "POST /api/items/ HTTP/1.1" 201 287
[30/Aug/2026 12:52:16] "OPTIONS /api/items/1/ HTTP/1.1" 200 0
[30/Aug/2026 12:52:16] "OPTIONS /api/items/1/ HTTP/1.1" 200 0
[30/Aug/2026 12:52:16] "GET /api/items/1/ HTTP/1.1" 200 287
[30/Aug/2026 12:52:16] "GET /api/items/1/ HTTP/1.1" 200 287
[30/Aug/2026 12:52:22] "GET /api/etiquetas/ HTTP/1.1" 200 2
[30/Aug/2026 12:52:22] "GET /api/categorias/ HTTP/1.1" 200 74
[30/Aug/2026 12:52:22] "GET /api/etiquetas/ HTTP/1.1" 200 2
[30/Aug/2026 12:52:22] "GET /api/categorias/ HTTP/1.1" 200 74
[30/Aug/2026 12:52:22] "GET /api/items/? HTTP/1.1" 200 289
[30/Aug/2026 12:52:30] "OPTIONS /api/items/?lat=40.25&lng=-2.62&radio_km=25 HTTP/1.1" 200 0
[30/Aug/2026 12:52:30] "GET /api/items/?lat=40.25&lng=-2.62&radio_km=25 HTTP/1.1" 200 2
[30/Aug/2026 12:52:35] "OPTIONS /api/items/?lat=40.25&lng=-2.62&radio_km=5 HTTP/1.1" 200 0
[30/Aug/2026 12:52:35] "GET /api/items/?lat=40.25&lng=-2.62&radio_km=5 HTTP/1.1" 200 2
[30/Aug/2026 12:52:39] "OPTIONS /api/items/?categoria=1&lat=40.25&lng=-2.62&radio_km=5 HTTP/1.1" 200 0
[30/Aug/2026 12:52:39] "GET /api/items/?categoria=1&lat=40.25&lng=-2.62&radio_km=5 HTTP/1.1" 200 2
[30/Aug/2026 12:52:54] "GET /api/usuarios/1/resenas/ HTTP/1.1" 200 2
[30/Aug/2026 12:52:54] "GET /api/usuarios/1/ HTTP/1.1" 200 80
[30/Aug/2026 12:52:54] "GET /api/usuarios/1/resenas/ HTTP/1.1" 200 2
[30/Aug/2026 12:52:54] "GET /api/usuarios/1/ HTTP/1.1" 200 80
[30/Aug/2026 12:52:58] "OPTIONS /api/logout/ HTTP/1.1" 200 0
[30/Aug/2026 12:52:58] "POST /api/logout/ HTTP/1.1" 204 0
[30/Aug/2026 12:53:32] "POST /api/registro/ HTTP/1.1" 201 112
[30/Aug/2026 12:53:33] "POST /api/login/ HTTP/1.1" 200 94
[30/Aug/2026 12:53:33] "GET /api/etiquetas/ HTTP/1.1" 200 2
[30/Aug/2026 12:53:33] "GET /api/categorias/ HTTP/1.1" 200 74
[30/Aug/2026 12:53:33] "GET /api/etiquetas/ HTTP/1.1" 200 2
[30/Aug/2026 12:53:33] "GET /api/categorias/ HTTP/1.1" 200 74
[30/Aug/2026 12:53:33] "GET /api/items/? HTTP/1.1" 200 289
[30/Aug/2026 12:53:35] "GET /api/items/1/ HTTP/1.1" 200 287
[30/Aug/2026 12:53:35] "GET /api/items/1/ HTTP/1.1" 200 287
[30/Aug/2026 12:53:39] "OPTIONS /api/items/?disponible=1 HTTP/1.1" 200 0
[30/Aug/2026 12:53:39] "GET /api/items/?disponible=1 HTTP/1.1" 200 289
[30/Aug/2026 12:54:31] "GET /api/categorias/ HTTP/1.1" 200 74
[30/Aug/2026 12:54:31] "GET /api/etiquetas/ HTTP/1.1" 200 2
[30/Aug/2026 12:54:31] "GET /api/etiquetas/ HTTP/1.1" 200 2
[30/Aug/2026 12:54:31] "GET /api/categorias/ HTTP/1.1" 200 74
[30/Aug/2026 12:54:31] "GET /api/items/? HTTP/1.1" 200 289
[30/Aug/2026 12:56:56] "GET /api/etiquetas/ HTTP/1.1" 200 2
[30/Aug/2026 12:56:56] "GET /api/categorias/ HTTP/1.1" 200 74
[30/Aug/2026 12:56:56] "GET /api/etiquetas/ HTTP/1.1" 200 2
[30/Aug/2026 12:56:56] "GET /api/categorias/ HTTP/1.1" 200 74
[30/Aug/2026 13:02:24] "GET /admin/login/?next=/admin/ HTTP/1.1" 200 4223
[30/Aug/2026 13:03:01] "OPTIONS /api/yo/ HTTP/1.1" 200 0
Forbidden: /api/yo/
[30/Aug/2026 13:03:01] "OPTIONS /api/yo/ HTTP/1.1" 200 0
[30/Aug/2026 13:03:01] "GET /api/yo/ HTTP/1.1" 403 65
Forbidden: /api/yo/
[30/Aug/2026 13:03:01] "GET /api/yo/ HTTP/1.1" 403 65
[30/Aug/2026 13:03:08] "OPTIONS /api/categorias/ HTTP/1.1" 200 0
[30/Aug/2026 13:03:08] "OPTIONS /api/etiquetas/ HTTP/1.1" 200 0
[30/Aug/2026 13:03:08] "OPTIONS /api/categorias/ HTTP/1.1" 200 0
[30/Aug/2026 13:03:08] "OPTIONS /api/etiquetas/ HTTP/1.1" 200 0
[30/Aug/2026 13:03:08] "GET /api/categorias/ HTTP/1.1" 200 74
[30/Aug/2026 13:03:08] "GET /api/etiquetas/ HTTP/1.1" 200 2
[30/Aug/2026 13:03:08] "GET /api/etiquetas/ HTTP/1.1" 200 2
[30/Aug/2026 13:03:08] "GET /api/categorias/ HTTP/1.1" 200 74
[30/Aug/2026 13:03:08] "OPTIONS /api/items/? HTTP/1.1" 200 0
[30/Aug/2026 13:03:08] "GET /api/items/? HTTP/1.1" 200 289
[30/Aug/2026 13:03:51] "GET /api/etiquetas/ HTTP/1.1" 200 2
[30/Aug/2026 13:03:51] "GET /api/categorias/ HTTP/1.1" 200 74
[30/Aug/2026 13:03:51] "GET /api/etiquetas/ HTTP/1.1" 200 2
[30/Aug/2026 13:03:51] "GET /api/categorias/ HTTP/1.1" 200 74
[30/Aug/2026 13:03:51] "GET /api/items/? HTTP/1.1" 200 289
[30/Aug/2026 13:03:53] "OPTIONS /api/items/1/ HTTP/1.1" 200 0
[30/Aug/2026 13:03:53] "OPTIONS /api/items/1/ HTTP/1.1" 200 0
[30/Aug/2026 13:03:53] "GET /api/items/1/ HTTP/1.1" 200 287
[30/Aug/2026 13:03:53] "GET /api/items/1/ HTTP/1.1" 200 287
[30/Aug/2026 13:03:56] "OPTIONS /api/items/?disponible=1 HTTP/1.1" 200 0
Too Many Requests: /api/items/
[30/Aug/2026 13:03:56] "GET /api/items/?disponible=1 HTTP/1.1" 429 84
[30/Aug/2026 13:04:24] "OPTIONS /api/registro/ HTTP/1.1" 200 0
Too Many Requests: /api/registro/
[30/Aug/2026 13:04:24] "POST /api/registro/ HTTP/1.1" 429 84
Too Many Requests: /api/registro/
[30/Aug/2026 13:04:25] "POST /api/registro/ HTTP/1.1" 429 84
Too Many Requests: /api/registro/
[30/Aug/2026 13:04:25] "POST /api/registro/ HTTP/1.1" 429 84
Too Many Requests: /api/registro/
[30/Aug/2026 13:04:25] "POST /api/registro/ HTTP/1.1" 429 84
Too Many Requests: /api/registro/
[30/Aug/2026 13:04:28] "POST /api/registro/ HTTP/1.1" 429 84
Too Many Requests: /api/registro/
[30/Aug/2026 13:04:28] "POST /api/registro/ HTTP/1.1" 429 84
Too Many Requests: /api/registro/
[30/Aug/2026 13:04:29] "POST /api/registro/ HTTP/1.1" 429 84
Too Many Requests: /api/registro/
[30/Aug/2026 13:04:50] "POST /api/registro/ HTTP/1.1" 429 84
[30/Aug/2026 13:04:57] "OPTIONS /api/login/ HTTP/1.1" 200 0
Too Many Requests: /api/login/
[30/Aug/2026 13:04:57] "POST /api/login/ HTTP/1.1" 429 84
Too Many Requests: /api/categorias/
Too Many Requests: /api/etiquetas/
[30/Aug/2026 13:04:59] "GET /api/categorias/ HTTP/1.1" 429 84
[30/Aug/2026 13:04:59] "GET /api/etiquetas/ HTTP/1.1" 429 84
Too Many Requests: /api/categorias/
Too Many Requests: /api/etiquetas/
[30/Aug/2026 13:04:59] "GET /api/categorias/ HTTP/1.1" 429 84
[30/Aug/2026 13:04:59] "GET /api/etiquetas/ HTTP/1.1" 429 84
Too Many Requests: /api/items/
[30/Aug/2026 13:04:59] "GET /api/items/? HTTP/1.1" 429 84
[30/Aug/2026 13:05:12] "OPTIONS /api/items/?lat=42.12&lng=2.88&radio_km=25 HTTP/1.1" 200 0
Too Many Requests: /api/items/
[30/Aug/2026 13:05:12] "GET /api/items/?lat=42.12&lng=2.88&radio_km=25 HTTP/1.1" 429 84
[30/Aug/2026 13:05:12] "OPTIONS /api/items/?lat=42.54&lng=2.48&radio_km=25 HTTP/1.1" 200 0
Too Many Requests: /api/items/
[30/Aug/2026 13:05:12] "GET /api/items/?lat=42.54&lng=2.48&radio_km=25 HTTP/1.1" 429 84
[30/Aug/2026 13:05:13] "OPTIONS /api/items/?lat=42.54&lng=2.48&radio_km=100 HTTP/1.1" 200 0
Too Many Requests: /api/items/
[30/Aug/2026 13:05:13] "GET /api/items/?lat=42.54&lng=2.48&radio_km=100 HTTP/1.1" 429 84
[30/Aug/2026 13:05:17] "OPTIONS /api/items/?lat=41.73&lng=-0.29&radio_km=100 HTTP/1.1" 200 0
Too Many Requests: /api/items/
[30/Aug/2026 13:05:17] "GET /api/items/?lat=41.73&lng=-0.29&radio_km=100 HTTP/1.1" 429 84
[30/Aug/2026 13:05:19] "OPTIONS /api/items/?lat=41.86&lng=1.08&radio_km=100 HTTP/1.1" 200 0
Too Many Requests: /api/items/
[30/Aug/2026 13:05:19] "GET /api/items/?lat=41.86&lng=1.08&radio_km=100 HTTP/1.1" 429 84
[30/Aug/2026 13:05:20] "OPTIONS /api/items/?lat=39.59&lng=-4.38&radio_km=100 HTTP/1.1" 200 0
Too Many Requests: /api/items/
[30/Aug/2026 13:05:20] "GET /api/items/?lat=39.59&lng=-4.38&radio_km=100 HTTP/1.1" 429 84
[30/Aug/2026 13:10:31] "GET /api/yo/ HTTP/1.1" 200 94
[30/Aug/2026 13:10:31] "GET /api/yo/ HTTP/1.1" 200 94
[30/Aug/2026 13:10:31] "GET /api/etiquetas/ HTTP/1.1" 200 2
[30/Aug/2026 13:10:31] "GET /api/categorias/ HTTP/1.1" 200 74
[30/Aug/2026 13:10:31] "GET /api/etiquetas/ HTTP/1.1" 200 2
[30/Aug/2026 13:10:31] "GET /api/categorias/ HTTP/1.1" 200 74
[30/Aug/2026 13:10:42] "OPTIONS /api/usuarios/11/ HTTP/1.1" 200 0
[30/Aug/2026 13:10:42] "OPTIONS /api/usuarios/11/resenas/ HTTP/1.1" 200 0
[30/Aug/2026 13:10:42] "OPTIONS /api/usuarios/11/resenas/ HTTP/1.1" 200 0
[30/Aug/2026 13:10:42] "OPTIONS /api/usuarios/11/ HTTP/1.1" 200 0
[30/Aug/2026 13:10:42] "GET /api/usuarios/11/ HTTP/1.1" 200 94
[30/Aug/2026 13:10:42] "GET /api/usuarios/11/resenas/ HTTP/1.1" 200 2
[30/Aug/2026 13:10:42] "GET /api/usuarios/11/ HTTP/1.1" 200 94
[30/Aug/2026 13:10:42] "GET /api/usuarios/11/resenas/ HTTP/1.1" 200 2
[30/Aug/2026 13:11:48] "GET /api/yo/ HTTP/1.1" 200 94
[30/Aug/2026 13:11:48] "GET /api/usuarios/11/resenas/ HTTP/1.1" 200 2
[30/Aug/2026 13:11:48] "GET /api/usuarios/11/ HTTP/1.1" 200 94
[30/Aug/2026 13:11:48] "GET /api/yo/ HTTP/1.1" 200 94
[30/Aug/2026 13:11:48] "GET /api/usuarios/11/resenas/ HTTP/1.1" 200 2
[30/Aug/2026 13:11:48] "GET /api/usuarios/11/ HTTP/1.1" 200 94
[30/Aug/2026 13:11:49] "GET /api/categorias/ HTTP/1.1" 200 74
[30/Aug/2026 13:11:49] "GET /api/etiquetas/ HTTP/1.1" 200 2
[30/Aug/2026 13:11:49] "GET /api/etiquetas/ HTTP/1.1" 200 2
[30/Aug/2026 13:11:49] "GET /api/categorias/ HTTP/1.1" 200 74
[30/Aug/2026 13:11:50] "GET /api/items/? HTTP/1.1" 200 289
[30/Aug/2026 13:12:06] "GET /api/items/1/ HTTP/1.1" 200 287
[30/Aug/2026 13:12:06] "GET /api/items/1/ HTTP/1.1" 200 287
[30/Aug/2026 13:12:08] "GET /api/items/?disponible=1 HTTP/1.1" 200 289
[30/Aug/2026 13:12:12] "GET /api/etiquetas/ HTTP/1.1" 200 2
[30/Aug/2026 13:12:12] "GET /api/categorias/ HTTP/1.1" 200 74
[30/Aug/2026 13:12:12] "GET /api/etiquetas/ HTTP/1.1" 200 2
[30/Aug/2026 13:12:12] "GET /api/categorias/ HTTP/1.1" 200 74
[30/Aug/2026 13:12:20] "POST /api/items/ HTTP/1.1" 201 300
[30/Aug/2026 13:12:20] "OPTIONS /api/items/2/ HTTP/1.1" 200 0
[30/Aug/2026 13:12:20] "OPTIONS /api/items/2/ HTTP/1.1" 200 0
[30/Aug/2026 13:12:20] "GET /api/items/2/ HTTP/1.1" 200 300
[30/Aug/2026 13:12:20] "GET /api/items/2/ HTTP/1.1" 200 300
[30/Aug/2026 13:12:23] "GET /api/etiquetas/ HTTP/1.1" 200 2
[30/Aug/2026 13:12:23] "GET /api/categorias/ HTTP/1.1" 200 74
[30/Aug/2026 13:12:24] "GET /api/etiquetas/ HTTP/1.1" 200 2
[30/Aug/2026 13:12:24] "GET /api/categorias/ HTTP/1.1" 200 74
[30/Aug/2026 13:12:24] "GET /api/items/? HTTP/1.1" 200 590
[30/Aug/2026 13:12:27] "GET /api/items/2/ HTTP/1.1" 200 300
[30/Aug/2026 13:12:27] "GET /api/items/2/ HTTP/1.1" 200 300
[30/Aug/2026 13:12:29] "GET /api/etiquetas/ HTTP/1.1" 200 2
[30/Aug/2026 13:12:29] "GET /api/categorias/ HTTP/1.1" 200 74
[30/Aug/2026 13:12:29] "GET /api/etiquetas/ HTTP/1.1" 200 2
[30/Aug/2026 13:12:29] "GET /api/categorias/ HTTP/1.1" 200 74
[30/Aug/2026 13:12:30] "GET /api/items/? HTTP/1.1" 200 590
[30/Aug/2026 13:12:31] "GET /api/items/1/ HTTP/1.1" 200 287
[30/Aug/2026 13:12:31] "GET /api/items/1/ HTTP/1.1" 200 287
[30/Aug/2026 13:12:32] "GET /api/items/?disponible=1 HTTP/1.1" 200 590
[30/Aug/2026 13:12:34] "OPTIONS /api/solicitudes/ HTTP/1.1" 200 0
[30/Aug/2026 13:12:34] "POST /api/solicitudes/ HTTP/1.1" 201 188
[30/Aug/2026 13:12:35] "OPTIONS /api/solicitudes/1/ HTTP/1.1" 200 0
[30/Aug/2026 13:12:35] "OPTIONS /api/solicitudes/1/ HTTP/1.1" 200 0
[30/Aug/2026 13:12:35] "GET /api/solicitudes/1/ HTTP/1.1" 200 188
[30/Aug/2026 13:12:35] "GET /api/solicitudes/1/ HTTP/1.1" 200 188
[30/Aug/2026 13:12:44] "OPTIONS /api/solicitudes/1/aceptar-intercambio/ HTTP/1.1" 200 0
[30/Aug/2026 13:12:44] "POST /api/solicitudes/1/aceptar-intercambio/ HTTP/1.1" 200 219
[30/Aug/2026 13:12:48] "GET /api/etiquetas/ HTTP/1.1" 200 2
[30/Aug/2026 13:12:48] "GET /api/categorias/ HTTP/1.1" 200 74
[30/Aug/2026 13:12:49] "GET /api/etiquetas/ HTTP/1.1" 200 2
[30/Aug/2026 13:12:49] "GET /api/categorias/ HTTP/1.1" 200 74
[30/Aug/2026 13:12:49] "GET /api/items/? HTTP/1.1" 200 2
[30/Aug/2026 13:12:51] "GET /api/etiquetas/ HTTP/1.1" 200 2
[30/Aug/2026 13:12:51] "GET /api/categorias/ HTTP/1.1" 200 74
[30/Aug/2026 13:12:51] "GET /api/etiquetas/ HTTP/1.1" 200 2
[30/Aug/2026 13:12:51] "GET /api/categorias/ HTTP/1.1" 200 74
[30/Aug/2026 13:13:20] "GET /api/yo/ HTTP/1.1" 200 94
[30/Aug/2026 13:13:20] "GET /api/yo/ HTTP/1.1" 200 94
[30/Aug/2026 13:13:20] "GET /api/etiquetas/ HTTP/1.1" 200 2
[30/Aug/2026 13:13:20] "GET /api/categorias/ HTTP/1.1" 200 74
[30/Aug/2026 13:13:20] "GET /api/etiquetas/ HTTP/1.1" 200 2
[30/Aug/2026 13:13:20] "GET /api/categorias/ HTTP/1.1" 200 74
[30/Aug/2026 19:09:36] "OPTIONS /api/yo/ HTTP/1.1" 200 0
[30/Aug/2026 19:09:36] "OPTIONS /api/yo/ HTTP/1.1" 200 0
[30/Aug/2026 19:09:37] "GET /api/yo/ HTTP/1.1" 200 94
[30/Aug/2026 19:09:37] "OPTIONS /api/categorias/ HTTP/1.1" 200 0
[30/Aug/2026 19:09:37] "OPTIONS /api/etiquetas/ HTTP/1.1" 200 0
[30/Aug/2026 19:09:37] "OPTIONS /api/etiquetas/ HTTP/1.1" 200 0
[30/Aug/2026 19:09:37] "GET /api/yo/ HTTP/1.1" 200 94
[30/Aug/2026 19:09:37] "GET /api/categorias/ HTTP/1.1" 200 74
[30/Aug/2026 19:09:37] "GET /api/etiquetas/ HTTP/1.1" 200 2
[30/Aug/2026 19:09:37] "GET /api/categorias/ HTTP/1.1" 200 74
[30/Aug/2026 19:09:37] "GET /api/etiquetas/ HTTP/1.1" 200 2
[30/Aug/2026 19:11:45] "OPTIONS /api/categorias/ HTTP/1.1" 200 0
[30/Aug/2026 19:11:45] "OPTIONS /api/etiquetas/ HTTP/1.1" 200 0
[30/Aug/2026 19:11:45] "OPTIONS /api/etiquetas/ HTTP/1.1" 200 0
[30/Aug/2026 19:11:45] "OPTIONS /api/yo/ HTTP/1.1" 200 0
[30/Aug/2026 19:11:45] "OPTIONS /api/yo/ HTTP/1.1" 200 0
Forbidden: /api/yo/
[30/Aug/2026 19:11:45] "GET /api/yo/ HTTP/1.1" 403 65
Forbidden: /api/yo/
[30/Aug/2026 19:11:45] "GET /api/yo/ HTTP/1.1" 403 65
[30/Aug/2026 19:11:45] "GET /api/etiquetas/ HTTP/1.1" 200 2
[30/Aug/2026 19:11:45] "GET /api/categorias/ HTTP/1.1" 200 74
[30/Aug/2026 19:11:45] "GET /api/etiquetas/ HTTP/1.1" 200 2
[30/Aug/2026 19:11:45] "GET /api/categorias/ HTTP/1.1" 200 74
[30/Aug/2026 19:11:45] "OPTIONS /api/items/? HTTP/1.1" 200 0
[30/Aug/2026 19:11:45] "GET /api/items/? HTTP/1.1" 200 2
[30/Aug/2026 19:12:12] "GET /api/etiquetas/ HTTP/1.1" 200 2
[30/Aug/2026 19:12:12] "GET /api/categorias/ HTTP/1.1" 200 74
[30/Aug/2026 19:12:12] "GET /api/etiquetas/ HTTP/1.1" 200 2
[30/Aug/2026 19:12:12] "GET /api/categorias/ HTTP/1.1" 200 74
[30/Aug/2026 19:12:12] "GET /api/items/? HTTP/1.1" 200 2
[30/Aug/2026 19:13:18] "OPTIONS /api/usuarios/11/resenas/ HTTP/1.1" 200 0
[30/Aug/2026 19:13:18] "OPTIONS /api/usuarios/11/ HTTP/1.1" 200 0
[30/Aug/2026 19:13:18] "OPTIONS /api/usuarios/11/ HTTP/1.1" 200 0
[30/Aug/2026 19:13:18] "OPTIONS /api/usuarios/11/resenas/ HTTP/1.1" 200 0
[30/Aug/2026 19:13:18] "GET /api/usuarios/11/resenas/ HTTP/1.1" 200 2
[30/Aug/2026 19:13:18] "GET /api/usuarios/11/ HTTP/1.1" 200 94
[30/Aug/2026 19:13:18] "GET /api/usuarios/11/resenas/ HTTP/1.1" 200 2
[30/Aug/2026 19:13:18] "GET /api/usuarios/11/ HTTP/1.1" 200 94
[30/Aug/2026 19:13:21] "GET /api/categorias/ HTTP/1.1" 200 74
[30/Aug/2026 19:13:21] "GET /api/etiquetas/ HTTP/1.1" 200 2
[30/Aug/2026 19:13:21] "GET /api/categorias/ HTTP/1.1" 200 74
[30/Aug/2026 19:13:21] "GET /api/etiquetas/ HTTP/1.1" 200 2
[30/Aug/2026 19:13:21] "OPTIONS /api/items/? HTTP/1.1" 200 0
[30/Aug/2026 19:13:21] "GET /api/items/? HTTP/1.1" 200 2
[30/Aug/2026 19:16:38] "GET /api/etiquetas/ HTTP/1.1" 200 2
[30/Aug/2026 19:16:38] "GET /api/categorias/ HTTP/1.1" 200 74
[30/Aug/2026 19:16:38] "GET /api/etiquetas/ HTTP/1.1" 200 2
[30/Aug/2026 19:16:38] "GET /api/categorias/ HTTP/1.1" 200 74
[30/Aug/2026 19:16:39] "GET /api/items/? HTTP/1.1" 200 2
[30/Aug/2026 19:16:39] "GET /api/categorias/ HTTP/1.1" 200 74
[30/Aug/2026 19:16:39] "GET /api/etiquetas/ HTTP/1.1" 200 2
[30/Aug/2026 19:16:39] "GET /api/etiquetas/ HTTP/1.1" 200 2
[30/Aug/2026 19:16:39] "GET /api/categorias/ HTTP/1.1" 200 74
[30/Aug/2026 19:16:40] "GET /api/items/? HTTP/1.1" 200 2
[30/Aug/2026 19:16:53] "OPTIONS /api/items/?categoria=1 HTTP/1.1" 200 0
[30/Aug/2026 19:16:53] "GET /api/items/?categoria=1 HTTP/1.1" 200 2
[30/Aug/2026 19:16:59] "GET /api/usuarios/11/ HTTP/1.1" 200 94
[30/Aug/2026 19:16:59] "GET /api/usuarios/11/resenas/ HTTP/1.1" 200 2
[30/Aug/2026 19:16:59] "GET /api/usuarios/11/ HTTP/1.1" 200 94
[30/Aug/2026 19:16:59] "GET /api/usuarios/11/resenas/ HTTP/1.1" 200 2
[30/Aug/2026 19:17:01] "GET /api/usuarios/11/ HTTP/1.1" 200 94
[30/Aug/2026 19:17:01] "GET /api/yo/ HTTP/1.1" 200 94
[30/Aug/2026 19:17:01] "GET /api/usuarios/11/resenas/ HTTP/1.1" 200 2
[30/Aug/2026 19:17:01] "GET /api/usuarios/11/ HTTP/1.1" 200 94
[30/Aug/2026 19:17:01] "GET /api/yo/ HTTP/1.1" 200 94
[30/Aug/2026 19:17:01] "GET /api/usuarios/11/resenas/ HTTP/1.1" 200 2
[30/Aug/2026 19:17:02,244] - Broken pipe from ('127.0.0.1', 58393)
[30/Aug/2026 19:17:02,251] - Broken pipe from ('127.0.0.1', 63118)
[30/Aug/2026 19:17:02,255] - Broken pipe from ('127.0.0.1', 62168)
[30/Aug/2026 19:17:02] "GET /api/usuarios/11/resenas/ HTTP/1.1" 200 2
[30/Aug/2026 19:17:02] "GET /api/usuarios/11/ HTTP/1.1" 200 94
[30/Aug/2026 19:17:02] "GET /api/yo/ HTTP/1.1" 200 94
[30/Aug/2026 19:17:02] "GET /api/usuarios/11/ HTTP/1.1" 200 94
[30/Aug/2026 19:17:02] "GET /api/usuarios/11/resenas/ HTTP/1.1" 200 2
[30/Aug/2026 19:17:02] "GET /api/yo/ HTTP/1.1" 200 94
[30/Aug/2026 19:17:04] code 400, message Bad request version ('êTMz5\x12\x07\x84\x9a1J\x7f¶ÂÁÃa)îTm\x97B¢¦\x00\x9fYó3ûWlZ\x95')
[30/Aug/2026 19:17:04] You're accessing the development server over HTTPS, but it only supports HTTP.
[30/Aug/2026 19:17:04] code 400, message Bad request version ('M¸oÃú\x87Ñ\x06\x80\x1a\x15Ï·×')
[30/Aug/2026 19:17:04] You're accessing the development server over HTTPS, but it only supports HTTP.
[30/Aug/2026 19:17:07] "GET /api/etiquetas/ HTTP/1.1" 200 2
[30/Aug/2026 19:17:07] "GET /api/categorias/ HTTP/1.1" 200 74
[30/Aug/2026 19:17:07] "GET /api/etiquetas/ HTTP/1.1" 200 2
[30/Aug/2026 19:17:07] "GET /api/categorias/ HTTP/1.1" 200 74
[30/Aug/2026 19:17:07] "GET /api/items/? HTTP/1.1" 200 2
[30/Aug/2026 19:17:10] "GET /api/etiquetas/ HTTP/1.1" 200 2
[30/Aug/2026 19:17:10] "GET /api/categorias/ HTTP/1.1" 200 74
[30/Aug/2026 19:17:10] "GET /api/etiquetas/ HTTP/1.1" 200 2
[30/Aug/2026 19:17:10] "GET /api/categorias/ HTTP/1.1" 200 74
[30/Aug/2026 19:17:30] "GET /api/etiquetas/ HTTP/1.1" 200 2
[30/Aug/2026 19:17:30] "GET /api/categorias/ HTTP/1.1" 200 74
[30/Aug/2026 19:17:30] "GET /api/etiquetas/ HTTP/1.1" 200 2
[30/Aug/2026 19:17:30] "GET /api/categorias/ HTTP/1.1" 200 74
[30/Aug/2026 19:17:30] "GET /api/items/? HTTP/1.1" 200 2
[30/Aug/2026 19:17:41] "GET /api/yo/ HTTP/1.1" 200 94
[30/Aug/2026 19:17:41] "GET /api/yo/ HTTP/1.1" 200 94
[30/Aug/2026 19:18:01] "GET /api/items/?categoria=1 HTTP/1.1" 200 2
Forbidden: /api/yo/
[30/Aug/2026 19:18:37] "GET /api/yo/ HTTP/1.1" 403 65
Forbidden: /api/yo/
[30/Aug/2026 19:18:37] "GET /api/yo/ HTTP/1.1" 403 65
[30/Aug/2026 19:18:37] "GET /api/etiquetas/ HTTP/1.1" 200 2
[30/Aug/2026 19:18:37] "GET /api/categorias/ HTTP/1.1" 200 74
[30/Aug/2026 19:18:37] "GET /api/etiquetas/ HTTP/1.1" 200 2
[30/Aug/2026 19:18:37] "GET /api/categorias/ HTTP/1.1" 200 74
[30/Aug/2026 19:18:37] "GET /api/items/? HTTP/1.1" 200 2
[30/Aug/2026 19:19:15] "OPTIONS /api/registro/ HTTP/1.1" 200 0
Bad Request: /api/registro/
[30/Aug/2026 19:19:15] "POST /api/registro/ HTTP/1.1" 400 54
Bad Request: /api/registro/
[30/Aug/2026 19:19:16] "POST /api/registro/ HTTP/1.1" 400 54
[30/Aug/2026 19:19:27] "POST /api/registro/ HTTP/1.1" 201 126
[30/Aug/2026 19:19:27] "OPTIONS /api/login/ HTTP/1.1" 200 0
Bad Request: /api/registro/
[30/Aug/2026 19:19:27] "POST /api/registro/ HTTP/1.1" 400 54
[30/Aug/2026 19:19:27] "POST /api/login/ HTTP/1.1" 200 102
[30/Aug/2026 19:19:27] "GET /api/etiquetas/ HTTP/1.1" 200 2
[30/Aug/2026 19:19:27] "GET /api/categorias/ HTTP/1.1" 200 74
[30/Aug/2026 19:19:28] "GET /api/etiquetas/ HTTP/1.1" 200 2
[30/Aug/2026 19:19:28] "GET /api/categorias/ HTTP/1.1" 200 74
[30/Aug/2026 19:19:28] "GET /api/items/? HTTP/1.1" 200 2
[30/Aug/2026 19:19:32] "OPTIONS /api/items/?categoria=1 HTTP/1.1" 200 0
[30/Aug/2026 19:19:32] "GET /api/items/?categoria=1 HTTP/1.1" 200 2
[30/Aug/2026 19:19:34] "GET /api/items/? HTTP/1.1" 200 2
[30/Aug/2026 19:19:37] "GET /api/etiquetas/ HTTP/1.1" 200 2
[30/Aug/2026 19:19:37] "GET /api/categorias/ HTTP/1.1" 200 74
[30/Aug/2026 19:19:37] "GET /api/etiquetas/ HTTP/1.1" 200 2
[30/Aug/2026 19:19:37] "GET /api/categorias/ HTTP/1.1" 200 74
[30/Aug/2026 19:19:58] "OPTIONS /api/items/ HTTP/1.1" 200 0
[30/Aug/2026 19:19:58] "POST /api/items/ HTTP/1.1" 201 309
[30/Aug/2026 19:19:58] "OPTIONS /api/items/3/ HTTP/1.1" 200 0
[30/Aug/2026 19:19:58] "OPTIONS /api/items/3/ HTTP/1.1" 200 0
[30/Aug/2026 19:19:58] "GET /api/items/3/ HTTP/1.1" 200 309
[30/Aug/2026 19:19:58] "GET /api/items/3/ HTTP/1.1" 200 309
[30/Aug/2026 19:20:02] "GET /api/etiquetas/ HTTP/1.1" 200 2
[30/Aug/2026 19:20:02] "GET /api/categorias/ HTTP/1.1" 200 74
[30/Aug/2026 19:20:02] "GET /api/etiquetas/ HTTP/1.1" 200 2
[30/Aug/2026 19:20:02] "GET /api/categorias/ HTTP/1.1" 200 74
[30/Aug/2026 19:20:02] "OPTIONS /api/usuarios/yassine777/ HTTP/1.1" 200 0
[30/Aug/2026 19:20:02] "OPTIONS /api/usuarios/yassine777/resenas/ HTTP/1.1" 200 0
[30/Aug/2026 19:20:02] "OPTIONS /api/usuarios/yassine777/ HTTP/1.1" 200 0
[30/Aug/2026 19:20:02] "OPTIONS /api/usuarios/yassine777/resenas/ HTTP/1.1" 200 0
[30/Aug/2026 19:20:02] "GET /api/usuarios/yassine777/ HTTP/1.1" 200 102
[30/Aug/2026 19:20:02] "GET /api/usuarios/yassine777/resenas/ HTTP/1.1" 200 2
[30/Aug/2026 19:20:03] "GET /api/usuarios/yassine777/ HTTP/1.1" 200 102
[30/Aug/2026 19:20:03] "GET /api/usuarios/yassine777/resenas/ HTTP/1.1" 200 2
[30/Aug/2026 19:20:07] "GET /api/etiquetas/ HTTP/1.1" 200 2
[30/Aug/2026 19:20:07] "GET /api/categorias/ HTTP/1.1" 200 74
[30/Aug/2026 19:20:07] "GET /api/etiquetas/ HTTP/1.1" 200 2
[30/Aug/2026 19:20:07] "GET /api/categorias/ HTTP/1.1" 200 74
[30/Aug/2026 19:20:07] "GET /api/items/? HTTP/1.1" 200 311
[30/Aug/2026 19:21:09] "GET /api/etiquetas/ HTTP/1.1" 200 2
[30/Aug/2026 19:21:09] "GET /api/yo/ HTTP/1.1" 200 102
[30/Aug/2026 19:21:09] "GET /api/categorias/ HTTP/1.1" 200 74
[30/Aug/2026 19:21:09] "GET /api/etiquetas/ HTTP/1.1" 200 2
[30/Aug/2026 19:21:09] "GET /api/yo/ HTTP/1.1" 200 102
[30/Aug/2026 19:21:09] "GET /api/categorias/ HTTP/1.1" 200 74
[30/Aug/2026 19:21:10] "GET /api/items/? HTTP/1.1" 200 311
[30/Aug/2026 19:21:19] "GET /api/usuarios/yassine777/ HTTP/1.1" 200 102
[30/Aug/2026 19:21:19] "GET /api/usuarios/yassine777/resenas/ HTTP/1.1" 200 2
[30/Aug/2026 19:21:19] "GET /api/usuarios/yassine777/ HTTP/1.1" 200 102
[30/Aug/2026 19:21:19] "GET /api/usuarios/yassine777/resenas/ HTTP/1.1" 200 2
[30/Aug/2026 19:21:28] "GET /api/usuarios/yassine777/ HTTP/1.1" 200 102
[30/Aug/2026 19:21:28] "GET /api/usuarios/yassine777/resenas/ HTTP/1.1" 200 2
[30/Aug/2026 19:21:28] "GET /api/yo/ HTTP/1.1" 200 102
[30/Aug/2026 19:21:28] "GET /api/usuarios/yassine777/ HTTP/1.1" 200 102
[30/Aug/2026 19:21:28] "GET /api/yo/ HTTP/1.1" 200 102
[30/Aug/2026 19:21:28] "GET /api/usuarios/yassine777/resenas/ HTTP/1.1" 200 2
[30/Aug/2026 19:21:29] "GET /api/categorias/ HTTP/1.1" 200 74
[30/Aug/2026 19:21:29] "GET /api/etiquetas/ HTTP/1.1" 200 2
[30/Aug/2026 19:21:29] "GET /api/categorias/ HTTP/1.1" 200 74
[30/Aug/2026 19:21:29] "GET /api/etiquetas/ HTTP/1.1" 200 2
[30/Aug/2026 19:21:29] "GET /api/items/? HTTP/1.1" 200 311
[30/Aug/2026 19:21:31] "GET /api/items/3/ HTTP/1.1" 200 309
[30/Aug/2026 19:21:31] "GET /api/items/3/ HTTP/1.1" 200 309
[30/Aug/2026 19:21:33] "GET /api/usuarios/yassine777/resenas/ HTTP/1.1" 200 2
[30/Aug/2026 19:21:33] "GET /api/usuarios/yassine777/ HTTP/1.1" 200 102
[30/Aug/2026 19:21:33] "GET /api/usuarios/yassine777/resenas/ HTTP/1.1" 200 2
[30/Aug/2026 19:21:33] "GET /api/usuarios/yassine777/ HTTP/1.1" 200 102
[30/Aug/2026 19:26:46] "GET /api/items/? HTTP/1.1" 200 311
[30/Aug/2026 19:26:49] "OPTIONS /api/items/?lat=41.48&lng=2.04&radio_km=25 HTTP/1.1" 200 0
[30/Aug/2026 19:26:49] "GET /api/items/?lat=41.48&lng=2.04&radio_km=25 HTTP/1.1" 200 310
[30/Aug/2026 19:26:52] "OPTIONS /api/items/?lat=41.48&lng=2.04&radio_km=26 HTTP/1.1" 200 0
[30/Aug/2026 19:26:52] "GET /api/items/?lat=41.48&lng=2.04&radio_km=26 HTTP/1.1" 200 310
[30/Aug/2026 19:26:53] "OPTIONS /api/items/?lat=41.48&lng=2.04&radio_km=79 HTTP/1.1" 200 0
[30/Aug/2026 19:26:53] "GET /api/items/?lat=41.48&lng=2.04&radio_km=79 HTTP/1.1" 200 310
[30/Aug/2026 19:26:53] "OPTIONS /api/items/?lat=41.48&lng=2.04&radio_km=100 HTTP/1.1" 200 0
[30/Aug/2026 19:26:54] "GET /api/items/?lat=41.48&lng=2.04&radio_km=100 HTTP/1.1" 200 310
[30/Aug/2026 19:26:56] "OPTIONS /api/items/3/ HTTP/1.1" 200 0
[30/Aug/2026 19:26:56] "OPTIONS /api/items/3/ HTTP/1.1" 200 0
[30/Aug/2026 19:26:56] "GET /api/items/3/ HTTP/1.1" 200 309
[30/Aug/2026 19:26:56] "GET /api/items/3/ HTTP/1.1" 200 309
[30/Aug/2026 19:26:57] "OPTIONS /api/items/?disponible=1 HTTP/1.1" 200 0
[30/Aug/2026 19:26:57] "GET /api/items/?disponible=1 HTTP/1.1" 200 311
[30/Aug/2026 19:27:07] "GET /api/etiquetas/ HTTP/1.1" 200 2
[30/Aug/2026 19:27:07] "GET /api/categorias/ HTTP/1.1" 200 74
[30/Aug/2026 19:27:07] "GET /api/etiquetas/ HTTP/1.1" 200 2
[30/Aug/2026 19:27:07] "GET /api/categorias/ HTTP/1.1" 200 74
[30/Aug/2026 19:27:12] "OPTIONS /api/items/ HTTP/1.1" 200 0
[30/Aug/2026 19:27:12] "POST /api/items/ HTTP/1.1" 201 299
[30/Aug/2026 19:27:12] "OPTIONS /api/items/4/ HTTP/1.1" 200 0
[30/Aug/2026 19:27:12] "OPTIONS /api/items/4/ HTTP/1.1" 200 0
[30/Aug/2026 19:27:12] "GET /api/items/4/ HTTP/1.1" 200 299
[30/Aug/2026 19:27:12] "GET /api/items/4/ HTTP/1.1" 200 299
[30/Aug/2026 19:27:15] "GET /api/etiquetas/ HTTP/1.1" 200 2
[30/Aug/2026 19:27:15] "GET /api/categorias/ HTTP/1.1" 200 74
[30/Aug/2026 19:27:15] "GET /api/etiquetas/ HTTP/1.1" 200 2
[30/Aug/2026 19:27:15] "GET /api/categorias/ HTTP/1.1" 200 74
[30/Aug/2026 19:27:15] "GET /api/items/? HTTP/1.1" 200 611
[30/Aug/2026 19:27:18] "GET /api/items/4/ HTTP/1.1" 200 299
[30/Aug/2026 19:27:18] "GET /api/items/4/ HTTP/1.1" 200 299
[30/Aug/2026 19:27:20] "GET /api/etiquetas/ HTTP/1.1" 200 2
[30/Aug/2026 19:27:20] "GET /api/categorias/ HTTP/1.1" 200 74
[30/Aug/2026 19:27:20] "GET /api/etiquetas/ HTTP/1.1" 200 2
[30/Aug/2026 19:27:20] "GET /api/categorias/ HTTP/1.1" 200 74
[30/Aug/2026 19:27:20] "GET /api/items/? HTTP/1.1" 200 611
[30/Aug/2026 19:27:21] "GET /api/items/3/ HTTP/1.1" 200 309
[30/Aug/2026 19:27:21] "GET /api/items/3/ HTTP/1.1" 200 309
[30/Aug/2026 19:27:23] "GET /api/items/?disponible=1 HTTP/1.1" 200 611
[30/Aug/2026 19:27:25] "OPTIONS /api/solicitudes/ HTTP/1.1" 200 0
[30/Aug/2026 19:27:26] "POST /api/solicitudes/ HTTP/1.1" 201 197
[30/Aug/2026 19:27:26] "OPTIONS /api/solicitudes/2/ HTTP/1.1" 200 0
[30/Aug/2026 19:27:26] "OPTIONS /api/solicitudes/2/ HTTP/1.1" 200 0
[30/Aug/2026 19:27:26] "GET /api/solicitudes/2/ HTTP/1.1" 200 197
[30/Aug/2026 19:27:26] "GET /api/solicitudes/2/ HTTP/1.1" 200 197
[30/Aug/2026 19:27:28] "OPTIONS /api/solicitudes/2/aceptar-intercambio/ HTTP/1.1" 200 0
[30/Aug/2026 19:27:28] "POST /api/solicitudes/2/aceptar-intercambio/ HTTP/1.1" 200 228
[30/Aug/2026 19:27:41] "GET /api/usuarios/11/resenas/ HTTP/1.1" 200 2
[30/Aug/2026 19:27:41] "GET /api/usuarios/11/ HTTP/1.1" 200 94
[30/Aug/2026 19:27:41] "GET /api/usuarios/11/resenas/ HTTP/1.1" 200 2
[30/Aug/2026 19:27:41] "GET /api/usuarios/11/ HTTP/1.1" 200 94
[30/Aug/2026 19:27:43] "GET /api/categorias/ HTTP/1.1" 200 74
[30/Aug/2026 19:27:43] "GET /api/etiquetas/ HTTP/1.1" 200 2
[30/Aug/2026 19:27:43] "GET /api/etiquetas/ HTTP/1.1" 200 2
[30/Aug/2026 19:27:43] "GET /api/categorias/ HTTP/1.1" 200 74
[30/Aug/2026 19:27:43] "GET /api/items/? HTTP/1.1" 200 2
[30/Aug/2026 19:27:47] "GET /api/items/?categoria=1 HTTP/1.1" 200 2
[30/Aug/2026 19:29:18] "OPTIONS /api/items/?dueno=yassine777&disponible=0 HTTP/1.1" 200 0
[30/Aug/2026 19:29:18] "OPTIONS /api/items/?dueno=yassine777&disponible=0 HTTP/1.1" 200 0
[30/Aug/2026 19:29:18] "GET /api/etiquetas/ HTTP/1.1" 200 2
[30/Aug/2026 19:29:18] "GET /api/categorias/ HTTP/1.1" 200 74
[30/Aug/2026 19:29:18] "GET /api/items/? HTTP/1.1" 200 2
[30/Aug/2026 19:29:18] "GET /api/usuarios/yassine777/resenas/ HTTP/1.1" 200 2
[30/Aug/2026 19:29:18] "GET /api/usuarios/yassine777/ HTTP/1.1" 200 102
[30/Aug/2026 19:29:18] "GET /api/items/?dueno=yassine777&disponible=0 HTTP/1.1" 200 1216
[30/Aug/2026 19:29:18] "GET /api/categorias/ HTTP/1.1" 200 74
[30/Aug/2026 19:29:18] "GET /api/etiquetas/ HTTP/1.1" 200 2
[30/Aug/2026 19:29:18] "GET /api/etiquetas/ HTTP/1.1" 200 2
[30/Aug/2026 19:29:18] "GET /api/items/? HTTP/1.1" 200 2
[30/Aug/2026 19:29:18] "GET /api/items/? HTTP/1.1" 200 2
[30/Aug/2026 19:29:18] "GET /api/categorias/ HTTP/1.1" 200 74
[30/Aug/2026 19:29:18] "GET /api/usuarios/yassine777/resenas/ HTTP/1.1" 200 2
[30/Aug/2026 19:29:18] "GET /api/usuarios/yassine777/ HTTP/1.1" 200 102
[30/Aug/2026 19:29:18] "GET /api/categorias/ HTTP/1.1" 200 74
[30/Aug/2026 19:29:18] "GET /api/etiquetas/ HTTP/1.1" 200 2
[30/Aug/2026 19:29:18] "GET /api/items/? HTTP/1.1" 200 2
[30/Aug/2026 19:29:18] "GET /api/items/?dueno=yassine777&disponible=0 HTTP/1.1" 200 1216
[30/Aug/2026 19:29:18] "GET /api/items/? HTTP/1.1" 200 2
[30/Aug/2026 19:29:18] "GET /api/items/? HTTP/1.1" 200 2
[30/Aug/2026 19:29:30] "GET /api/usuarios/yassine777/ HTTP/1.1" 200 102
[30/Aug/2026 19:29:30] "GET /api/usuarios/yassine777/resenas/ HTTP/1.1" 200 2
[30/Aug/2026 19:29:30] "GET /api/yo/ HTTP/1.1" 200 102
[30/Aug/2026 19:29:30] "GET /api/items/?dueno=yassine777&disponible=0 HTTP/1.1" 200 1216
[30/Aug/2026 19:29:30] "GET /api/usuarios/yassine777/ HTTP/1.1" 200 102
[30/Aug/2026 19:29:30] "GET /api/usuarios/yassine777/resenas/ HTTP/1.1" 200 2
[30/Aug/2026 19:29:30] "GET /api/yo/ HTTP/1.1" 200 102
[30/Aug/2026 19:29:30] "GET /api/items/?dueno=yassine777&disponible=0 HTTP/1.1" 200 1216
[30/Aug/2026 19:29:35] "OPTIONS /api/solicitudes/ HTTP/1.1" 200 0
[30/Aug/2026 19:29:35] "OPTIONS /api/solicitudes/ HTTP/1.1" 200 0
[30/Aug/2026 19:29:35] "GET /api/solicitudes/ HTTP/1.1" 200 230
[30/Aug/2026 19:29:35] "GET /api/solicitudes/ HTTP/1.1" 200 230
[30/Aug/2026 19:29:35] "OPTIONS /api/solicitudes/2/ HTTP/1.1" 200 0
[30/Aug/2026 19:29:35] "OPTIONS /api/solicitudes/2/ HTTP/1.1" 200 0
[30/Aug/2026 19:29:35] "GET /api/solicitudes/2/ HTTP/1.1" 200 228
[30/Aug/2026 19:29:35] "GET /api/solicitudes/2/ HTTP/1.1" 200 228
[30/Aug/2026 19:29:46] "OPTIONS /api/solicitudes/2/realizado/ HTTP/1.1" 200 0
[30/Aug/2026 19:29:46] "POST /api/solicitudes/2/realizado/ HTTP/1.1" 200 338
[30/Aug/2026 19:29:52] "OPTIONS /api/resenas/ HTTP/1.1" 200 0
Bad Request: /api/resenas/
[30/Aug/2026 19:29:52] "POST /api/resenas/ HTTP/1.1" 400 89
Bad Request: /api/resenas/
[30/Aug/2026 19:30:03] "POST /api/resenas/ HTTP/1.1" 400 89
Bad Request: /api/resenas/
[30/Aug/2026 19:30:03] "POST /api/resenas/ HTTP/1.1" 400 89
Bad Request: /api/resenas/
[30/Aug/2026 19:30:03] "POST /api/resenas/ HTTP/1.1" 400 89
Bad Request: /api/resenas/
[30/Aug/2026 19:30:06] "POST /api/resenas/ HTTP/1.1" 400 89
Bad Request: /api/resenas/
[30/Aug/2026 19:30:06] "POST /api/resenas/ HTTP/1.1" 400 89
[30/Aug/2026 19:30:13] "GET /api/yo/ HTTP/1.1" 200 102
[30/Aug/2026 19:30:13] "GET /api/yo/ HTTP/1.1" 200 102
[30/Aug/2026 19:30:13] "GET /api/solicitudes/2/ HTTP/1.1" 200 257
[30/Aug/2026 19:30:13] "GET /api/solicitudes/2/ HTTP/1.1" 200 257
[30/Aug/2026 19:30:15] "GET /api/etiquetas/ HTTP/1.1" 200 2
[30/Aug/2026 19:30:15] "GET /api/items/? HTTP/1.1" 200 2
[30/Aug/2026 19:30:15] "GET /api/categorias/ HTTP/1.1" 200 74
[30/Aug/2026 19:30:15] "GET /api/etiquetas/ HTTP/1.1" 200 2
[30/Aug/2026 19:30:15] "GET /api/items/? HTTP/1.1" 200 2
[30/Aug/2026 19:30:15] "GET /api/categorias/ HTTP/1.1" 200 74
[30/Aug/2026 19:30:15] "GET /api/items/? HTTP/1.1" 200 2
[30/Aug/2026 19:30:17] "GET /api/items/?categoria=1 HTTP/1.1" 200 2
[30/Aug/2026 19:30:19] "GET /api/items/? HTTP/1.1" 200 2
[30/Aug/2026 19:30:22] "GET /api/usuarios/yassine777/ HTTP/1.1" 200 102
[30/Aug/2026 19:30:22] "GET /api/usuarios/yassine777/resenas/ HTTP/1.1" 200 2
[30/Aug/2026 19:30:22] "GET /api/items/?dueno=yassine777&disponible=0 HTTP/1.1" 200 1214
[30/Aug/2026 19:30:22] "GET /api/usuarios/yassine777/ HTTP/1.1" 200 102
[30/Aug/2026 19:30:22] "GET /api/usuarios/yassine777/resenas/ HTTP/1.1" 200 2
[30/Aug/2026 19:30:22] "GET /api/items/?dueno=yassine777&disponible=0 HTTP/1.1" 200 1214
[30/Aug/2026 19:30:27] "OPTIONS /api/items/2/ HTTP/1.1" 200 0
[30/Aug/2026 19:30:27] "OPTIONS /api/items/2/ HTTP/1.1" 200 0
Not Found: /api/items/2/
[30/Aug/2026 19:30:27] "GET /api/items/2/ HTTP/1.1" 404 45
Not Found: /api/items/2/
[30/Aug/2026 19:30:27] "GET /api/items/2/ HTTP/1.1" 404 45
[30/Aug/2026 19:30:36] "GET /api/etiquetas/ HTTP/1.1" 200 2
[30/Aug/2026 19:30:36] "GET /api/items/? HTTP/1.1" 200 2
[30/Aug/2026 19:30:36] "GET /api/categorias/ HTTP/1.1" 200 74
[30/Aug/2026 19:30:36] "GET /api/etiquetas/ HTTP/1.1" 200 2
[30/Aug/2026 19:30:36] "GET /api/items/? HTTP/1.1" 200 2
[30/Aug/2026 19:30:36] "GET /api/categorias/ HTTP/1.1" 200 74
[30/Aug/2026 19:30:36] "GET /api/items/? HTTP/1.1" 200 2
[30/Aug/2026 19:30:42] "OPTIONS /api/items/?lat=40.62&lng=1.65&radio_km=25 HTTP/1.1" 200 0
[30/Aug/2026 19:30:42] "GET /api/items/?lat=40.62&lng=1.65&radio_km=25 HTTP/1.1" 200 2
[30/Aug/2026 19:30:44] "OPTIONS /api/items/?lat=40.62&lng=1.65&radio_km=27 HTTP/1.1" 200 0
[30/Aug/2026 19:30:44] "OPTIONS /api/items/?lat=40.62&lng=1.65&radio_km=31 HTTP/1.1" 200 0
[30/Aug/2026 19:30:45] "OPTIONS /api/items/?lat=40.62&lng=1.65&radio_km=40 HTTP/1.1" 200 0
[30/Aug/2026 19:30:45] "OPTIONS /api/items/?lat=40.62&lng=1.65&radio_km=47 HTTP/1.1" 200 0
[30/Aug/2026 19:30:45] "GET /api/items/?lat=40.62&lng=1.65&radio_km=27 HTTP/1.1" 200 2
[30/Aug/2026 19:30:45] "OPTIONS /api/items/?lat=40.62&lng=1.65&radio_km=56 HTTP/1.1" 200 0
[30/Aug/2026 19:30:45] "GET /api/items/?lat=40.62&lng=1.65&radio_km=31 HTTP/1.1" 200 2
[30/Aug/2026 19:30:45] "OPTIONS /api/items/?lat=40.62&lng=1.65&radio_km=74 HTTP/1.1" 200 0
[30/Aug/2026 19:30:45] "GET /api/items/?lat=40.62&lng=1.65&radio_km=40 HTTP/1.1" 200 2
[30/Aug/2026 19:30:45] "OPTIONS /api/items/?lat=40.62&lng=1.65&radio_km=87 HTTP/1.1" 200 0
[30/Aug/2026 19:30:45] "GET /api/items/?lat=40.62&lng=1.65&radio_km=47 HTTP/1.1" 200 2
[30/Aug/2026 19:30:45] "OPTIONS /api/items/?lat=40.62&lng=1.65&radio_km=97 HTTP/1.1" 200 0
[30/Aug/2026 19:30:45] "GET /api/items/?lat=40.62&lng=1.65&radio_km=56 HTTP/1.1" 200 2
[30/Aug/2026 19:30:45] "OPTIONS /api/items/?lat=40.62&lng=1.65&radio_km=100 HTTP/1.1" 200 0
[30/Aug/2026 19:30:45] "GET /api/items/?lat=40.62&lng=1.65&radio_km=74 HTTP/1.1" 200 2
[30/Aug/2026 19:30:45] "GET /api/items/?lat=40.62&lng=1.65&radio_km=87 HTTP/1.1" 200 2
[30/Aug/2026 19:30:45] "GET /api/items/?lat=40.62&lng=1.65&radio_km=97 HTTP/1.1" 200 2
[30/Aug/2026 19:30:45] "GET /api/items/?lat=40.62&lng=1.65&radio_km=100 HTTP/1.1" 200 2
[30/Aug/2026 19:30:47] "OPTIONS /api/items/?lat=41.49&lng=2.03&radio_km=100 HTTP/1.1" 200 0
[30/Aug/2026 19:30:47] "GET /api/items/?lat=41.49&lng=2.03&radio_km=100 HTTP/1.1" 200 2
[30/Aug/2026 19:30:47] "GET /api/items/?lat=41.49&lng=2.03&radio_km=100 HTTP/1.1" 200 2
[30/Aug/2026 19:30:57] "OPTIONS /api/items/?categoria=1&lat=41.49&lng=2.03&radio_km=100 HTTP/1.1" 200 0
[30/Aug/2026 19:30:57] "GET /api/items/?categoria=1&lat=41.49&lng=2.03&radio_km=100 HTTP/1.1" 200 2
[30/Aug/2026 19:31:00] "GET /api/items/?lat=41.49&lng=2.03&radio_km=100 HTTP/1.1" 200 2
[30/Aug/2026 19:31:02] "OPTIONS /api/logout/ HTTP/1.1" 200 0
[30/Aug/2026 19:31:02] "POST /api/logout/ HTTP/1.1" 204 0
[30/Aug/2026 19:31:12] "POST /api/registro/ HTTP/1.1" 201 137
[30/Aug/2026 19:31:13] "POST /api/login/ HTTP/1.1" 200 109
[30/Aug/2026 19:31:13] "GET /api/etiquetas/ HTTP/1.1" 200 2
[30/Aug/2026 19:31:13] "GET /api/categorias/ HTTP/1.1" 200 74
[30/Aug/2026 19:31:13] "GET /api/items/? HTTP/1.1" 200 2
[30/Aug/2026 19:31:13] "GET /api/etiquetas/ HTTP/1.1" 200 2
[30/Aug/2026 19:31:13] "GET /api/categorias/ HTTP/1.1" 200 74
[30/Aug/2026 19:31:13] "GET /api/items/? HTTP/1.1" 200 2
[30/Aug/2026 19:31:13] "GET /api/items/? HTTP/1.1" 200 2
[30/Aug/2026 19:32:45] "GET /api/solicitudes/ HTTP/1.1" 200 2
[30/Aug/2026 19:32:45] "GET /api/solicitudes/ HTTP/1.1" 200 2
[30/Aug/2026 19:32:48] "OPTIONS /api/usuarios/yassine@gmail.com/ HTTP/1.1" 200 0
[30/Aug/2026 19:32:48] "OPTIONS /api/items/?dueno=yassine@gmail.com&disponible=0 HTTP/1.1" 200 0
[30/Aug/2026 19:32:48] "OPTIONS /api/usuarios/yassine@gmail.com/resenas/ HTTP/1.1" 200 0
[30/Aug/2026 19:32:48] "OPTIONS /api/usuarios/yassine@gmail.com/resenas/ HTTP/1.1" 200 0
[30/Aug/2026 19:32:48] "OPTIONS /api/usuarios/yassine@gmail.com/ HTTP/1.1" 200 0
[30/Aug/2026 19:32:48] "OPTIONS /api/items/?dueno=yassine@gmail.com&disponible=0 HTTP/1.1" 200 0
[30/Aug/2026 19:32:48] "GET /api/usuarios/yassine@gmail.com/ HTTP/1.1" 200 109
[30/Aug/2026 19:32:48] "GET /api/usuarios/yassine@gmail.com/resenas/ HTTP/1.1" 200 2
[30/Aug/2026 19:32:48] "GET /api/items/?dueno=yassine@gmail.com&disponible=0 HTTP/1.1" 200 1214
[30/Aug/2026 19:32:48] "GET /api/usuarios/yassine@gmail.com/ HTTP/1.1" 200 109
[30/Aug/2026 19:32:48] "GET /api/usuarios/yassine@gmail.com/resenas/ HTTP/1.1" 200 2
[30/Aug/2026 19:32:48] "GET /api/items/?dueno=yassine@gmail.com&disponible=0 HTTP/1.1" 200 1214
[30/Aug/2026 19:32:51] "GET /api/solicitudes/ HTTP/1.1" 200 2
[30/Aug/2026 19:32:51] "GET /api/solicitudes/ HTTP/1.1" 200 2
[30/Aug/2026 19:32:52] "GET /api/etiquetas/ HTTP/1.1" 200 2
[30/Aug/2026 19:32:52] "GET /api/categorias/ HTTP/1.1" 200 74
[30/Aug/2026 19:32:52] "GET /api/etiquetas/ HTTP/1.1" 200 2
[30/Aug/2026 19:32:52] "GET /api/categorias/ HTTP/1.1" 200 74
[30/Aug/2026 19:34:09] "GET /api/solicitudes/ HTTP/1.1" 200 2
[30/Aug/2026 19:34:09] "GET /api/solicitudes/ HTTP/1.1" 200 2
[30/Aug/2026 19:34:27] "GET /api/usuarios/yassine@gmail.com/resenas/ HTTP/1.1" 200 2
[30/Aug/2026 19:34:27] "GET /api/items/?dueno=yassine@gmail.com&disponible=0 HTTP/1.1" 200 1214
[30/Aug/2026 19:34:27] "GET /api/usuarios/yassine@gmail.com/ HTTP/1.1" 200 109
[30/Aug/2026 19:34:27] "GET /api/usuarios/yassine@gmail.com/resenas/ HTTP/1.1" 200 2
[30/Aug/2026 19:34:27] "GET /api/items/?dueno=yassine@gmail.com&disponible=0 HTTP/1.1" 200 1214
[30/Aug/2026 19:34:27] "GET /api/usuarios/yassine@gmail.com/ HTTP/1.1" 200 109
Not Found: /api/items/2/
[30/Aug/2026 19:34:29] "GET /api/items/2/ HTTP/1.1" 404 45
Not Found: /api/items/2/
[30/Aug/2026 19:34:29] "GET /api/items/2/ HTTP/1.1" 404 45
[30/Aug/2026 19:34:33] "GET /api/yo/ HTTP/1.1" 200 109
Not Found: /api/items/2/
[30/Aug/2026 19:34:33] "GET /api/items/2/ HTTP/1.1" 404 45
Not Found: /api/items/2/
[30/Aug/2026 19:34:33] "GET /api/yo/ HTTP/1.1" 200 109
[30/Aug/2026 19:34:33] "GET /api/items/2/ HTTP/1.1" 404 45
[30/Aug/2026 19:34:35] "GET /api/solicitudes/ HTTP/1.1" 200 2
[30/Aug/2026 19:34:35] "GET /api/solicitudes/ HTTP/1.1" 200 2
[30/Aug/2026 19:34:44] "GET /api/etiquetas/ HTTP/1.1" 200 2
[30/Aug/2026 19:34:44] "GET /api/categorias/ HTTP/1.1" 200 74
[30/Aug/2026 19:34:44] "GET /api/etiquetas/ HTTP/1.1" 200 2
[30/Aug/2026 19:34:44] "GET /api/categorias/ HTTP/1.1" 200 74
[30/Aug/2026 19:34:49] "POST /api/items/ HTTP/1.1" 201 314
[30/Aug/2026 19:34:49] "OPTIONS /api/items/5/ HTTP/1.1" 200 0
[30/Aug/2026 19:34:49] "OPTIONS /api/items/5/ HTTP/1.1" 200 0
[30/Aug/2026 19:34:49] "GET /api/items/5/ HTTP/1.1" 200 314
[30/Aug/2026 19:34:49] "GET /api/items/5/ HTTP/1.1" 200 314
[30/Aug/2026 19:34:52] "GET /api/categorias/ HTTP/1.1" 200 74
[30/Aug/2026 19:34:52] "GET /api/etiquetas/ HTTP/1.1" 200 2
[30/Aug/2026 19:34:52] "GET /api/items/? HTTP/1.1" 200 316
[30/Aug/2026 19:34:52] "GET /api/etiquetas/ HTTP/1.1" 200 2
[30/Aug/2026 19:34:52] "GET /api/categorias/ HTTP/1.1" 200 74
[30/Aug/2026 19:34:52] "GET /api/items/? HTTP/1.1" 200 316
[30/Aug/2026 19:34:52] "GET /api/items/? HTTP/1.1" 200 316
[30/Aug/2026 19:34:55] "GET /api/items/5/ HTTP/1.1" 200 314
[30/Aug/2026 19:34:55] "GET /api/items/5/ HTTP/1.1" 200 314
[30/Aug/2026 19:35:35] "GET /api/solicitudes/ HTTP/1.1" 200 479
[30/Aug/2026 19:35:35] "GET /api/solicitudes/ HTTP/1.1" 200 479
[30/Aug/2026 19:35:37] "OPTIONS /api/solicitudes/1/ HTTP/1.1" 200 0
[30/Aug/2026 19:35:37] "OPTIONS /api/solicitudes/1/ HTTP/1.1" 200 0
[30/Aug/2026 19:35:37] "GET /api/solicitudes/1/ HTTP/1.1" 200 219
[30/Aug/2026 19:35:37] "GET /api/solicitudes/1/ HTTP/1.1" 200 219
[30/Aug/2026 19:35:42] "GET /api/solicitudes/ HTTP/1.1" 200 2
[30/Aug/2026 19:35:42] "GET /api/solicitudes/ HTTP/1.1" 200 2
[30/Aug/2026 19:35:47] "GET /api/solicitudes/ HTTP/1.1" 200 479
[30/Aug/2026 19:35:47] "GET /api/solicitudes/ HTTP/1.1" 200 479
[30/Aug/2026 19:35:52] "GET /api/solicitudes/2/ HTTP/1.1" 200 257
[30/Aug/2026 19:35:52] "GET /api/solicitudes/2/ HTTP/1.1" 200 257
[30/Aug/2026 19:38:05] "GET /api/categorias/ HTTP/1.1" 200 74
[30/Aug/2026 19:38:05] "GET /api/etiquetas/ HTTP/1.1" 200 2
[30/Aug/2026 19:38:06] "GET /api/yo/ HTTP/1.1" 200 109
[30/Aug/2026 19:38:06] "GET /api/items/? HTTP/1.1" 200 316
[30/Aug/2026 19:38:06] "GET /api/categorias/ HTTP/1.1" 200 74
[30/Aug/2026 19:38:06] "GET /api/etiquetas/ HTTP/1.1" 200 2
[30/Aug/2026 19:38:06] "GET /api/yo/ HTTP/1.1" 200 109
[30/Aug/2026 19:38:06] "GET /api/items/? HTTP/1.1" 200 316
[30/Aug/2026 19:38:06] "GET /api/items/? HTTP/1.1" 200 316
[30/Aug/2026 19:38:18] "GET /api/etiquetas/ HTTP/1.1" 200 2
[30/Aug/2026 19:38:18] "GET /api/categorias/ HTTP/1.1" 200 74
[30/Aug/2026 19:38:18] "GET /api/yo/ HTTP/1.1" 200 109
[30/Aug/2026 19:38:18] "GET /api/items/? HTTP/1.1" 200 316
[30/Aug/2026 19:38:18] "GET /api/etiquetas/ HTTP/1.1" 200 2
[30/Aug/2026 19:38:18] "GET /api/yo/ HTTP/1.1" 200 109
[30/Aug/2026 19:38:18] "GET /api/categorias/ HTTP/1.1" 200 74
[30/Aug/2026 19:38:18] "GET /api/items/? HTTP/1.1" 200 316
[30/Aug/2026 19:38:18] "GET /api/items/? HTTP/1.1" 200 316
[30/Aug/2026 19:39:05] "GET /api/etiquetas/ HTTP/1.1" 200 2
[30/Aug/2026 19:39:05] "GET /api/yo/ HTTP/1.1" 200 109
[30/Aug/2026 19:39:05] "GET /api/categorias/ HTTP/1.1" 200 74
[30/Aug/2026 19:39:05] "GET /api/items/? HTTP/1.1" 200 316
[30/Aug/2026 19:39:05] "GET /api/etiquetas/ HTTP/1.1" 200 2
[30/Aug/2026 19:39:05] "GET /api/categorias/ HTTP/1.1" 200 74
[30/Aug/2026 19:39:05] "GET /api/yo/ HTTP/1.1" 200 109
[30/Aug/2026 19:39:05] "GET /api/items/? HTTP/1.1" 200 316
[30/Aug/2026 19:39:06] "GET /api/items/? HTTP/1.1" 200 316
[30/Aug/2026 19:39:41] "GET /api/etiquetas/ HTTP/1.1" 200 2
[30/Aug/2026 19:39:41] "GET /api/categorias/ HTTP/1.1" 200 74
[30/Aug/2026 19:39:41] "GET /api/yo/ HTTP/1.1" 200 109
[30/Aug/2026 19:39:41] "GET /api/items/? HTTP/1.1" 200 316
[30/Aug/2026 19:39:41] "GET /api/categorias/ HTTP/1.1" 200 74
[30/Aug/2026 19:39:41] "GET /api/yo/ HTTP/1.1" 200 109
[30/Aug/2026 19:39:41] "GET /api/etiquetas/ HTTP/1.1" 200 2
[30/Aug/2026 19:39:41] "GET /api/items/? HTTP/1.1" 200 316
[30/Aug/2026 19:39:41] "GET /api/items/? HTTP/1.1" 200 316
[30/Aug/2026 19:39:53] "GET /api/items/5/ HTTP/1.1" 200 314
[30/Aug/2026 19:39:53] "GET /api/items/5/ HTTP/1.1" 200 314
[30/Aug/2026 19:39:56] "GET /api/etiquetas/ HTTP/1.1" 200 2
[30/Aug/2026 19:39:56] "GET /api/categorias/ HTTP/1.1" 200 74
[30/Aug/2026 19:39:56] "GET /api/etiquetas/ HTTP/1.1" 200 2
[30/Aug/2026 19:39:56] "GET /api/categorias/ HTTP/1.1" 200 74
[30/Aug/2026 19:39:56] "GET /api/categorias/ HTTP/1.1" 200 74
[30/Aug/2026 19:39:56] "GET /api/etiquetas/ HTTP/1.1" 200 2
[30/Aug/2026 19:39:56] "GET /api/items/? HTTP/1.1" 200 316
[30/Aug/2026 19:39:56] "GET /api/etiquetas/ HTTP/1.1" 200 2
[30/Aug/2026 19:39:56] "GET /api/categorias/ HTTP/1.1" 200 74
[30/Aug/2026 19:39:56] "GET /api/items/? HTTP/1.1" 200 316
[30/Aug/2026 19:39:57] "GET /api/items/? HTTP/1.1" 200 316
[30/Aug/2026 19:39:58] "GET /api/items/?categoria=1 HTTP/1.1" 200 316
[30/Aug/2026 19:40:01] "GET /api/usuarios/yassine@gmail.com/ HTTP/1.1" 200 109
[30/Aug/2026 19:40:01] "GET /api/usuarios/yassine@gmail.com/resenas/ HTTP/1.1" 200 2
[30/Aug/2026 19:40:01] "GET /api/items/?dueno=yassine@gmail.com&disponible=0 HTTP/1.1" 200 1529
[30/Aug/2026 19:40:01] "GET /api/usuarios/yassine@gmail.com/ HTTP/1.1" 200 109
[30/Aug/2026 19:40:01] "GET /api/usuarios/yassine@gmail.com/resenas/ HTTP/1.1" 200 2
[30/Aug/2026 19:40:01] "GET /api/items/?dueno=yassine@gmail.com&disponible=0 HTTP/1.1" 200 1529
[30/Aug/2026 19:40:10] "GET /api/yo/ HTTP/1.1" 200 109
[30/Aug/2026 19:40:10] "GET /api/yo/ HTTP/1.1" 200 109
[30/Aug/2026 19:40:10] "GET /api/solicitudes/ HTTP/1.1" 200 2
[30/Aug/2026 19:40:10] "GET /api/solicitudes/ HTTP/1.1" 200 2
[30/Aug/2026 19:40:30] "GET /api/usuarios/yassine@gmail.com/ HTTP/1.1" 200 109
[30/Aug/2026 19:40:30] "GET /api/yo/ HTTP/1.1" 200 109
[30/Aug/2026 19:40:30] "GET /api/usuarios/yassine@gmail.com/resenas/ HTTP/1.1" 200 2
[30/Aug/2026 19:40:30] "GET /api/items/?dueno=yassine@gmail.com&disponible=0 HTTP/1.1" 200 1529
[30/Aug/2026 19:40:30] "GET /api/usuarios/yassine@gmail.com/ HTTP/1.1" 200 109
[30/Aug/2026 19:40:30] "GET /api/yo/ HTTP/1.1" 200 109
[30/Aug/2026 19:40:30] "GET /api/usuarios/yassine@gmail.com/resenas/ HTTP/1.1" 200 2
[30/Aug/2026 19:40:30] "GET /api/items/?dueno=yassine@gmail.com&disponible=0 HTTP/1.1" 200 1529
[30/Aug/2026 19:40:34] "GET /api/yo/ HTTP/1.1" 200 109
[30/Aug/2026 19:40:34] "GET /api/yo/ HTTP/1.1" 200 109
[30/Aug/2026 19:40:34] "GET /api/solicitudes/ HTTP/1.1" 200 2
[30/Aug/2026 19:40:34] "GET /api/solicitudes/ HTTP/1.1" 200 2
[30/Aug/2026 19:41:18] "GET /api/yo/ HTTP/1.1" 200 109
[30/Aug/2026 19:41:18] "GET /api/yo/ HTTP/1.1" 200 109
[30/Aug/2026 19:41:18] "GET /api/solicitudes/ HTTP/1.1" 200 2
[30/Aug/2026 19:41:18] "GET /api/solicitudes/ HTTP/1.1" 200 2
[30/Aug/2026 19:41:21] "GET /api/etiquetas/ HTTP/1.1" 200 2
[30/Aug/2026 19:41:21] "GET /api/categorias/ HTTP/1.1" 200 74
[30/Aug/2026 19:41:21] "GET /api/items/? HTTP/1.1" 200 316
[30/Aug/2026 19:41:21] "GET /api/etiquetas/ HTTP/1.1" 200 2
[30/Aug/2026 19:41:21] "GET /api/categorias/ HTTP/1.1" 200 74
[30/Aug/2026 19:41:21] "GET /api/items/? HTTP/1.1" 200 316
[30/Aug/2026 19:41:21] "GET /api/items/? HTTP/1.1" 200 316
[30/Aug/2026 19:43:05] "GET /api/usuarios/yassine@gmail.com/ HTTP/1.1" 200 109
[30/Aug/2026 19:43:05] "GET /api/usuarios/yassine@gmail.com/resenas/ HTTP/1.1" 200 2
[30/Aug/2026 19:43:05] "GET /api/yo/ HTTP/1.1" 200 109
[30/Aug/2026 19:43:06] "GET /api/items/?dueno=yassine@gmail.com&disponible=0 HTTP/1.1" 200 1529
[30/Aug/2026 19:43:06] "GET /api/usuarios/yassine@gmail.com/resenas/ HTTP/1.1" 200 2
[30/Aug/2026 19:43:06] "GET /api/usuarios/yassine@gmail.com/ HTTP/1.1" 200 109
[30/Aug/2026 19:43:06] "GET /api/yo/ HTTP/1.1" 200 109
[30/Aug/2026 19:43:06] "GET /api/items/?dueno=yassine@gmail.com&disponible=0 HTTP/1.1" 200 1529
[30/Aug/2026 19:43:14] "GET /api/usuarios/yassine@gmail.com/resenas/ HTTP/1.1" 200 2
[30/Aug/2026 19:43:14] "GET /api/usuarios/yassine@gmail.com/ HTTP/1.1" 200 109
[30/Aug/2026 19:43:14] "GET /api/yo/ HTTP/1.1" 200 109
[30/Aug/2026 19:43:14] "GET /api/items/?dueno=yassine@gmail.com&disponible=0 HTTP/1.1" 200 1529
[30/Aug/2026 19:43:14] "GET /api/usuarios/yassine@gmail.com/ HTTP/1.1" 200 109
[30/Aug/2026 19:43:14] "GET /api/usuarios/yassine@gmail.com/resenas/ HTTP/1.1" 200 2
[30/Aug/2026 19:43:14] "GET /api/yo/ HTTP/1.1" 200 109
[30/Aug/2026 19:43:14] "GET /api/items/?dueno=yassine@gmail.com&disponible=0 HTTP/1.1" 200 1529
[30/Aug/2026 19:43:55] "GET /api/yo/ HTTP/1.1" 200 109
[30/Aug/2026 19:43:55] "GET /api/etiquetas/ HTTP/1.1" 200 2
[30/Aug/2026 19:43:55] "GET /api/categorias/ HTTP/1.1" 200 74
[30/Aug/2026 19:43:55] "GET /api/items/? HTTP/1.1" 200 316
[30/Aug/2026 19:43:55] "GET /api/yo/ HTTP/1.1" 200 109
[30/Aug/2026 19:43:55] "GET /api/etiquetas/ HTTP/1.1" 200 2
[30/Aug/2026 19:43:55] "GET /api/categorias/ HTTP/1.1" 200 74
[30/Aug/2026 19:43:55] "GET /api/items/? HTTP/1.1" 200 316
[30/Aug/2026 19:43:55] "GET /api/items/? HTTP/1.1" 200 316
[30/Aug/2026 19:44:55] "GET /api/items/? HTTP/1.1" 200 316
[30/Aug/2026 19:44:55] "GET /api/yo/ HTTP/1.1" 200 109
[30/Aug/2026 19:44:55] "GET /api/etiquetas/ HTTP/1.1" 200 2
[30/Aug/2026 19:44:55] "GET /api/categorias/ HTTP/1.1" 200 74
[30/Aug/2026 19:44:55] "GET /api/yo/ HTTP/1.1" 200 109
[30/Aug/2026 19:44:55] "GET /api/etiquetas/ HTTP/1.1" 200 2
[30/Aug/2026 19:44:55] "GET /api/categorias/ HTTP/1.1" 200 74
[30/Aug/2026 19:44:55] "GET /api/items/? HTTP/1.1" 200 316
[30/Aug/2026 19:44:55] "GET /api/items/? HTTP/1.1" 200 316
[30/Aug/2026 19:45:02] "GET /api/yo/ HTTP/1.1" 200 109
[30/Aug/2026 19:45:02] "GET /api/items/?dueno=yassine@gmail.com&disponible=0 HTTP/1.1" 200 1529
[30/Aug/2026 19:45:02] "GET /api/usuarios/yassine@gmail.com/resenas/ HTTP/1.1" 200 2
[30/Aug/2026 19:45:02] "GET /api/usuarios/yassine@gmail.com/ HTTP/1.1" 200 109
[30/Aug/2026 19:45:02] "GET /api/yo/ HTTP/1.1" 200 109
[30/Aug/2026 19:45:02] "GET /api/items/?dueno=yassine@gmail.com&disponible=0 HTTP/1.1" 200 1529
[30/Aug/2026 19:45:02] "GET /api/usuarios/yassine@gmail.com/ HTTP/1.1" 200 109
[30/Aug/2026 19:45:02] "GET /api/usuarios/yassine@gmail.com/resenas/ HTTP/1.1" 200 2
[30/Aug/2026 19:45:04] "GET /api/yo/ HTTP/1.1" 200 109
[30/Aug/2026 19:45:04] "GET /api/etiquetas/ HTTP/1.1" 200 2
[30/Aug/2026 19:45:04] "GET /api/items/? HTTP/1.1" 200 316
[30/Aug/2026 19:45:04] "GET /api/categorias/ HTTP/1.1" 200 74
[30/Aug/2026 19:45:04] "GET /api/yo/ HTTP/1.1" 200 109
[30/Aug/2026 19:45:04] "GET /api/etiquetas/ HTTP/1.1" 200 2
[30/Aug/2026 19:45:04] "GET /api/categorias/ HTTP/1.1" 200 74
[30/Aug/2026 19:45:04] "GET /api/items/? HTTP/1.1" 200 316
[30/Aug/2026 19:45:04] "GET /api/items/? HTTP/1.1" 200 316
[30/Aug/2026 19:45:09] "GET /api/items/?categoria=1 HTTP/1.1" 200 316
[30/Aug/2026 19:45:12] "GET /api/items/? HTTP/1.1" 200 316
[30/Aug/2026 19:45:16] "GET /api/solicitudes/ HTTP/1.1" 200 2
[30/Aug/2026 19:45:16] "GET /api/solicitudes/ HTTP/1.1" 200 2
[30/Aug/2026 19:45:18] "GET /api/etiquetas/ HTTP/1.1" 200 2
[30/Aug/2026 19:45:18] "GET /api/categorias/ HTTP/1.1" 200 74
[30/Aug/2026 19:45:18] "GET /api/items/? HTTP/1.1" 200 316
[30/Aug/2026 19:45:18] "GET /api/etiquetas/ HTTP/1.1" 200 2
[30/Aug/2026 19:45:18] "GET /api/categorias/ HTTP/1.1" 200 74
[30/Aug/2026 19:45:18] "GET /api/items/? HTTP/1.1" 200 316
[30/Aug/2026 19:45:18] "GET /api/items/? HTTP/1.1" 200 316
[30/Aug/2026 19:49:13] "GET /api/usuarios/yassine@gmail.com/ HTTP/1.1" 200 109
[30/Aug/2026 19:49:13] "GET /api/items/?dueno=yassine@gmail.com&disponible=0 HTTP/1.1" 200 1529
[30/Aug/2026 19:49:13] "GET /api/usuarios/yassine@gmail.com/resenas/ HTTP/1.1" 200 2
[30/Aug/2026 19:49:13] "GET /api/usuarios/yassine@gmail.com/ HTTP/1.1" 200 109
[30/Aug/2026 19:49:13] "GET /api/items/?dueno=yassine@gmail.com&disponible=0 HTTP/1.1" 200 1529
[30/Aug/2026 19:49:13] "GET /api/usuarios/yassine@gmail.com/resenas/ HTTP/1.1" 200 2
[30/Aug/2026 19:52:24] "GET /api/etiquetas/ HTTP/1.1" 200 2
[30/Aug/2026 19:52:24] "GET /api/categorias/ HTTP/1.1" 200 74
[30/Aug/2026 19:52:24] "GET /api/items/? HTTP/1.1" 200 316
[30/Aug/2026 19:52:24] "GET /api/etiquetas/ HTTP/1.1" 200 2
[30/Aug/2026 19:52:24] "GET /api/categorias/ HTTP/1.1" 200 74
[30/Aug/2026 19:52:24] "GET /api/items/? HTTP/1.1" 200 316
[30/Aug/2026 19:52:24] "GET /api/items/? HTTP/1.1" 200 316
[30/Aug/2026 19:52:28] "GET /api/etiquetas/ HTTP/1.1" 200 2
[30/Aug/2026 19:52:28] "GET /api/categorias/ HTTP/1.1" 200 74
[30/Aug/2026 19:52:28] "GET /api/items/? HTTP/1.1" 200 316
[30/Aug/2026 19:52:28] "GET /api/etiquetas/ HTTP/1.1" 200 2
[30/Aug/2026 19:52:28] "GET /api/categorias/ HTTP/1.1" 200 74
[30/Aug/2026 19:52:28] "GET /api/items/? HTTP/1.1" 200 316
[30/Aug/2026 19:52:28] "GET /api/items/? HTTP/1.1" 200 316
[30/Aug/2026 19:52:35] "OPTIONS /api/items/?dueno=11&disponible=0 HTTP/1.1" 200 0
[30/Aug/2026 19:52:35] "OPTIONS /api/items/?dueno=11&disponible=0 HTTP/1.1" 200 0
[30/Aug/2026 19:52:35] "GET /api/usuarios/11/ HTTP/1.1" 200 94
[30/Aug/2026 19:52:35] "GET /api/usuarios/11/resenas/ HTTP/1.1" 200 2
[30/Aug/2026 19:52:35] "GET /api/items/?dueno=11&disponible=0 HTTP/1.1" 200 1529
[30/Aug/2026 19:52:35] "GET /api/usuarios/11/ HTTP/1.1" 200 94
[30/Aug/2026 19:52:35] "GET /api/usuarios/11/resenas/ HTTP/1.1" 200 2
[30/Aug/2026 19:52:35] "GET /api/items/?dueno=11&disponible=0 HTTP/1.1" 200 1529
[30/Aug/2026 19:52:52] "GET /api/categorias/ HTTP/1.1" 200 74
[30/Aug/2026 19:52:52] "GET /api/etiquetas/ HTTP/1.1" 200 2
[30/Aug/2026 19:52:52] "GET /api/items/? HTTP/1.1" 200 316
[30/Aug/2026 19:52:52] "GET /api/etiquetas/ HTTP/1.1" 200 2
[30/Aug/2026 19:52:52] "GET /api/items/? HTTP/1.1" 200 316
[30/Aug/2026 19:52:52] "GET /api/categorias/ HTTP/1.1" 200 74
[30/Aug/2026 19:52:52] "GET /api/items/? HTTP/1.1" 200 316
[30/Aug/2026 21:20:46] "OPTIONS /api/yo/ HTTP/1.1" 200 0
[30/Aug/2026 21:20:46] "OPTIONS /api/yo/ HTTP/1.1" 200 0
[30/Aug/2026 21:20:46] "GET /api/yo/ HTTP/1.1" 200 94
[30/Aug/2026 21:20:46] "GET /api/yo/ HTTP/1.1" 200 94
[30/Aug/2026 21:20:54] "OPTIONS /api/categorias/ HTTP/1.1" 200 0
[30/Aug/2026 21:20:54] "OPTIONS /api/yo/ HTTP/1.1" 200 0
[30/Aug/2026 21:20:54] "OPTIONS /api/items/? HTTP/1.1" 200 0
[30/Aug/2026 21:20:54] "OPTIONS /api/yo/ HTTP/1.1" 200 0
[30/Aug/2026 21:20:54] "OPTIONS /api/items/? HTTP/1.1" 200 0
[30/Aug/2026 21:20:54] "OPTIONS /api/items/? HTTP/1.1" 200 0
[30/Aug/2026 21:20:54] "OPTIONS /api/etiquetas/ HTTP/1.1" 200 0
[30/Aug/2026 21:20:54] "OPTIONS /api/categorias/ HTTP/1.1" 200 0
[30/Aug/2026 21:20:54] "OPTIONS /api/etiquetas/ HTTP/1.1" 200 0
[30/Aug/2026 21:20:54] "GET /api/yo/ HTTP/1.1" 200 109
[30/Aug/2026 21:20:54] "GET /api/categorias/ HTTP/1.1" 200 74
[30/Aug/2026 21:20:54] "GET /api/etiquetas/ HTTP/1.1" 200 2
[30/Aug/2026 21:20:54] "GET /api/items/? HTTP/1.1" 200 316
[30/Aug/2026 21:20:54] "GET /api/yo/ HTTP/1.1" 200 109
[30/Aug/2026 21:20:54] "GET /api/categorias/ HTTP/1.1" 200 74
[30/Aug/2026 21:20:54] "GET /api/etiquetas/ HTTP/1.1" 200 2
[30/Aug/2026 21:20:54] "GET /api/items/? HTTP/1.1" 200 316
[30/Aug/2026 21:20:54] "GET /api/items/? HTTP/1.1" 200 316
[30/Aug/2026 21:21:53] "OPTIONS /api/categorias/ HTTP/1.1" 200 0
[30/Aug/2026 21:21:53] "OPTIONS /api/items/? HTTP/1.1" 200 0
[30/Aug/2026 21:21:54] "OPTIONS /api/etiquetas/ HTTP/1.1" 200 0
[30/Aug/2026 21:21:54] "OPTIONS /api/items/? HTTP/1.1" 200 0
[30/Aug/2026 21:21:54] "OPTIONS /api/categorias/ HTTP/1.1" 200 0
[30/Aug/2026 21:21:54] "OPTIONS /api/etiquetas/ HTTP/1.1" 200 0
[30/Aug/2026 21:21:54] "GET /api/etiquetas/ HTTP/1.1" 200 2
[30/Aug/2026 21:21:54] "GET /api/yo/ HTTP/1.1" 200 94
[30/Aug/2026 21:21:54] "GET /api/categorias/ HTTP/1.1" 200 74
[30/Aug/2026 21:21:54] "GET /api/items/? HTTP/1.1" 200 316
[30/Aug/2026 21:21:54] "GET /api/yo/ HTTP/1.1" 200 94
[30/Aug/2026 21:21:54] "GET /api/etiquetas/ HTTP/1.1" 200 2
[30/Aug/2026 21:21:54] "GET /api/categorias/ HTTP/1.1" 200 74
[30/Aug/2026 21:21:54] "GET /api/items/? HTTP/1.1" 200 316
[30/Aug/2026 21:21:54] "GET /api/items/? HTTP/1.1" 200 316
[30/Aug/2026 21:22:06] "GET /api/usuarios/yassine@gmail.com/ HTTP/1.1" 200 109
[30/Aug/2026 21:22:06] "GET /api/usuarios/yassine@gmail.com/resenas/ HTTP/1.1" 200 2
[30/Aug/2026 21:22:06] "GET /api/yo/ HTTP/1.1" 200 109
[30/Aug/2026 21:22:06] "GET /api/items/?dueno=yassine@gmail.com&disponible=0 HTTP/1.1" 200 1529
[30/Aug/2026 21:22:06] "GET /api/usuarios/yassine@gmail.com/resenas/ HTTP/1.1" 200 2
[30/Aug/2026 21:22:06] "GET /api/usuarios/yassine@gmail.com/ HTTP/1.1" 200 109
[30/Aug/2026 21:22:06] "GET /api/yo/ HTTP/1.1" 200 109
[30/Aug/2026 21:22:06] "GET /api/items/?dueno=yassine@gmail.com&disponible=0 HTTP/1.1" 200 1529
[30/Aug/2026 21:25:24] "GET /api/usuarios/yassine@gmail.com/resenas/ HTTP/1.1" 200 2
[30/Aug/2026 21:25:24] "GET /api/yo/ HTTP/1.1" 200 109
[30/Aug/2026 21:25:24] "GET /api/usuarios/yassine@gmail.com/ HTTP/1.1" 200 109
[30/Aug/2026 21:25:24] "GET /api/items/?dueno=yassine@gmail.com&disponible=0 HTTP/1.1" 200 1529
[30/Aug/2026 21:25:24] "GET /api/usuarios/yassine@gmail.com/resenas/ HTTP/1.1" 200 2
[30/Aug/2026 21:25:24] "GET /api/yo/ HTTP/1.1" 200 109
[30/Aug/2026 21:25:24] "GET /api/usuarios/yassine@gmail.com/ HTTP/1.1" 200 109
[30/Aug/2026 21:25:24] "GET /api/items/?dueno=yassine@gmail.com&disponible=0 HTTP/1.1" 200 1529
[30/Aug/2026 21:25:28] "GET /api/etiquetas/ HTTP/1.1" 200 2
[30/Aug/2026 21:25:28] "GET /api/categorias/ HTTP/1.1" 200 74
[30/Aug/2026 21:25:28] "GET /api/items/? HTTP/1.1" 200 316
[30/Aug/2026 21:25:28] "GET /api/etiquetas/ HTTP/1.1" 200 2
[30/Aug/2026 21:25:28] "GET /api/categorias/ HTTP/1.1" 200 74
[30/Aug/2026 21:25:28] "GET /api/items/? HTTP/1.1" 200 316
[30/Aug/2026 21:25:28] "GET /api/items/? HTTP/1.1" 200 316
[30/Aug/2026 21:33:36] "OPTIONS /api/items/?categoria=1 HTTP/1.1" 200 0
[30/Aug/2026 21:33:36] "GET /api/items/?categoria=1 HTTP/1.1" 200 316
